MPLINK 5.09, LINKER
Linker Map File - Created Wed Jun 18 23:18:00 2025

                                 Section Info
                  Section       Type    Address   Location Size(Bytes)
                ---------  ---------  ---------  ---------  ---------
                   .org_0       code   0x000000    program   0x000002
                   .cinit    romdata   0x000001    program   0x000004
                   .org_1       code   0x000005    program   0x000058
.config_2007_BUILD/DEFAULT/PRODUCTION/PRUEBA_       code   0x002007    program   0x000002



                              Program Memory Usage 
                               Start         End      
                           ---------   ---------      
                            0x000000    0x000002      
                            0x000005    0x000030      
                            0x002007    0x002007      
            48 out of 8455 program addresses used, program memory utilization is 0%



                              Symbols - Sorted by Name
                     Name    Address   Location    Storage File                     
                ---------  ---------  ---------  --------- ---------                
              ENVIAR_INFO   0x000019    program     static C:\Users\Julian\MPLABXProjects\Trabajo Practico Final.X\prueba_modulo_comunicacion.asm
                   INICIO   0x000005    program     static C:\Users\Julian\MPLABXProjects\Trabajo Practico Final.X\prueba_modulo_comunicacion.asm
                  REFRESH   0x000017    program     static C:\Users\Julian\MPLABXProjects\Trabajo Practico Final.X\prueba_modulo_comunicacion.asm
                  UART_TX   0x000029    program     static C:\Users\Julian\MPLABXProjects\Trabajo Practico Final.X\prueba_modulo_comunicacion.asm



                              Symbols - Sorted by Address
                     Name    Address   Location    Storage File                     
                ---------  ---------  ---------  --------- ---------                
                   INICIO   0x000005    program     static C:\Users\Julian\MPLABXProjects\Trabajo Practico Final.X\prueba_modulo_comunicacion.asm
                  REFRESH   0x000017    program     static C:\Users\Julian\MPLABXProjects\Trabajo Practico Final.X\prueba_modulo_comunicacion.asm
              ENVIAR_INFO   0x000019    program     static C:\Users\Julian\MPLABXProjects\Trabajo Practico Final.X\prueba_modulo_comunicacion.asm
                  UART_TX   0x000029    program     static C:\Users\Julian\MPLABXProjects\Trabajo Practico Final.X\prueba_modulo_comunicacion.asm


